../Core/Src/main.c:77:5:_write	24	static
../Core/Src/main.c:83:6:set_motor	24	static
../Core/Src/main.c:113:5:main	112	static
../Core/Src/main.c:343:6:SystemClock_Config	72	static
../Core/Src/main.c:383:13:MX_SPI1_Init	8	static
../Core/Src/main.c:421:13:MX_TIM2_Init	48	static
../Core/Src/main.c:478:13:MX_TIM4_Init	48	static
../Core/Src/main.c:527:13:MX_USART1_UART_Init	8	static
../Core/Src/main.c:560:13:MX_GPIO_Init	40	static
../Core/Src/main.c:621:6:HAL_GPIO_EXTI_Callback	16	static
../Core/Src/main.c:632:6:Error_Handler	4	static,ignoring_inline_asm
